=== CSM218 Autograder   ===

COMPILATION FAILED
WARNING: A restricted method in java.lang.System has been called
WARNING: java.lang.System::load has been called by net.rubygrapefruit.platform.internal.NativeLibraryLoader in an unnamed module (file:/C:/Users/HP/.gradle/wrapper/dists/gradle-8.9-bin/90cnw93cvbtalezasaz0blq0a/gradle-8.9/lib/native-platform-0.22-milestone-26.jar)
WARNING: Use --enable-native-access=ALL-UNNAMED to avoid a warning for callers in this module
WARNING: Restricted methods will be blocked in a future release unless native access is enabled


FAILURE: Build failed with an exception.

* What went wrong:
Execution failed for task ':test'.
> Unable to delete directory 'C:\Users\HP\Documents\parralel distribution assignment\ipc-rpc-parallel-computing-chipobridget\build\test-results\test'
    Failed to delete some children. This might happen because a process has files open or has its working directory set in the target directory.
    - C:\Users\HP\Documents\parralel distribution assignment\ipc-rpc-parallel-computing-chipobridget\build\test-results\test\binary\output.bin
    - C:\Users\HP\Documents\parralel distribution assignment\ipc-rpc-parallel-computing-chipobridget\build\test-results\test\binary

* Try:
> Run with --stacktrace option to get the stack trace.
> Run with --info or --debug option to get more log output.
> Run with --scan to get full insights.
> Get more help at https://help.gradle.org.

BUILD FAILED in 30s

Results written to C:\Users\HP\Documents\parralel distribution assignment\ipc-rpc-parallel-computing-chipobridget\autograder\results\results.json
